Content-Type=application/json
###GENERATED-USER-ID###
###GENERATED-STUB-ID###
Content-Encoding=gzip
Vary=Accept-Encoding, User-Agent
Transfer-Encoding=chunked
Server=Jetty(9.2.26.v20180806)
[
  {
    "id": 1,
    "title": "",
    "originalUrl": "https://fakeimg.pl/180x180/ff0000,128/333333,255/?text=1&font=roboto",
    "thumbnailUrl": "https://fakeimg.pl/60x60/ff0000,128/333333,255/?text=1&font=roboto"
  },
  {
    "id": 2,
    "title": "",
    "originalUrl": "https://fakeimg.pl/180x180/ff0000,128/333333,255/?text=2&font=roboto",
    "thumbnailUrl": "https://fakeimg.pl/60x60/ff0000,128/333333,255/?text=2&font=roboto"
  },
  {
    "id": 3,
    "title": "",
    "originalUrl": "https://fakeimg.pl/180x180/ff0000,128/333333,255/?text=3&font=roboto",
    "thumbnailUrl": "https://fakeimg.pl/60x60/ff0000,128/333333,255/?text=3&font=roboto"
  },
  {
    "id": 4,
    "title": "",
    "originalUrl": "https://fakeimg.pl/180x180/ff0000,128/333333,255/?text=4&font=roboto",
    "thumbnailUrl": "https://fakeimg.pl/60x60/ff0000,128/333333,255/?text=4&font=roboto"
  },
  {
    "id": 5,
    "title": "",
    "originalUrl": "https://fakeimg.pl/180x180/ff0000,128/333333,255/?text=5&font=roboto",
    "thumbnailUrl": "https://fakeimg.pl/60x60/ff0000,128/333333,255/?text=5&font=roboto"
  }
]